// Jest Snapshot v1, https://goo.gl/fbAQLP

exports[`GButtonGroup should match snapshot 1`] = `
<div
  class="g-button-group -light"
/>
`;
