// Jest Snapshot v1, https://goo.gl/fbAQLP

exports[`GButtonDropdown Specs should match snapshot when show is prop is given as false  1`] = `
<div
  class="g-button-dropdown"
>
  <div
    class="buttons g-d-flex"
  >
    <button
      class="g-button -primary"
    >
      <div
        class="content -big"
      >
        <!---->
          
        <!---->
         
        <!---->
      </div>
    </button>
     
    <button
      class="dropdown-button g-button -icon -onlyIcon -primary-darker"
    >
      <div
        class="content -big"
      >
        <!---->
          
        <svg
          class="g-icon feather feather--chevron-down"
          dataName="chevron-down"
          dataTags=""
          dataType="chevron-down"
          fill="none"
          height="20"
          stroke="var(--white)"
          stroke-linecap="round"
          stroke-linejoin="round"
          stroke-width="2"
          viewBox="0 0 24 24"
          width="20"
          xmlns="http://www.w3.org/2000/svg"
        >
          <polyline
            points="6 9 12 15 18 9"
          />
        </svg>
         
        <!---->
      </div>
    </button>
  </div>
   
  <div
    class="menu g-d-none"
  />
</div>
`;
