// Jest Snapshot v1, https://goo.gl/fbAQLP

exports[`GImage should match snapshot when show is prop is given as false  1`] = `
<div
  class="g-image"
>
  <img
    lazy=""
    src="https://cdn.dsmcdn.com/shared/images/trendyol.jpeg"
  />
</div>
`;
