// Jest Snapshot v1, https://goo.gl/fbAQLP

exports[`GSkeleton should match snapshot with default style 1`] = `
<span>
  <span
    class="g-skeleton"
    style="height: 1em; width: 90%; border-radius: 0%;"
  />
</span>
`;
