// Jest Snapshot v1, https://goo.gl/fbAQLP

exports[`GDrawer should match snapshot when show is prop is given as false  1`] = `<!---->`;
